// Jest Snapshot v1, https://goo.gl/fbAQLP

exports[`Competition Creation Container renders correctly 1`] = `
<ContextProvider
  value={
    Object {
      "store": Object {
        "dispatch": [Function],
        "getState": [Function],
        "replaceReducer": [Function],
        "subscribe": [Function],
        Symbol(observable): [Function],
      },
      "subscription": Subscription {
        "handleChangeWrapper": [Function],
        "listeners": Object {
          "notify": [Function],
        },
        "onStateChange": [Function],
        "parentSub": undefined,
        "store": Object {
          "dispatch": [Function],
          "getState": [Function],
          "replaceReducer": [Function],
          "subscribe": [Function],
          Symbol(observable): [Function],
        },
        "unsubscribe": null,
      },
    }
  }
>
  <Connect(ConnectedRouterWithContext)
    history={
      Object {
        "action": "POP",
        "block": [Function],
        "createHref": [Function],
        "go": [Function],
        "goBack": [Function],
        "goForward": [Function],
        "length": 1,
        "listen": [Function],
        "location": Object {
          "hash": "",
          "pathname": "/",
          "search": "",
          "state": undefined,
        },
        "push": [Function],
        "replace": [Function],
      }
    }
  >
    <Connect(CompetitionCreationContainer)
      actions={
        Object {
          "CreateNewCompetition": [MockFunction],
        }
      }
      location={
        Object {
          "state": Object {
            "competitionName": "a",
          },
        }
      }
    />
  </Connect(ConnectedRouterWithContext)>
</ContextProvider>
`;
