// Jest Snapshot v1, https://goo.gl/fbAQLP

exports[`competition execution with state and props renders correctly 1`] = `
<div
  className="makeStyles-root-2"
>
  <div
    className="MuiGrid-root MuiGrid-container MuiGrid-spacing-xs-2 MuiGrid-direction-xs-column"
  >
    <div
      className="MuiGrid-root MuiGrid-item MuiGrid-grid-xs-4"
    >
      <nav
        aria-label="main mailbox folders"
        className="MuiList-root MuiList-padding MuiList-subheader"
      >
        <div
          className="MuiListSubheader-root MuiListSubheader-sticky MuiListSubheader-gutters"
          id="nested-list-subheader"
        >
          Events
        </div>
        <hr
          className="MuiDivider-root"
        />
        <div
          aria-disabled={false}
          className="MuiButtonBase-root MuiListItem-root MuiListItem-gutters MuiListItem-button"
          onBlur={[Function]}
          onClick={[Function]}
          onDragLeave={[Function]}
          onFocus={[Function]}
          onKeyDown={[Function]}
          onKeyUp={[Function]}
          onMouseDown={[Function]}
          onMouseLeave={[Function]}
          onMouseUp={[Function]}
          onTouchEnd={[Function]}
          onTouchMove={[Function]}
          onTouchStart={[Function]}
          role="button"
          tabIndex={0}
        >
          <div
            className="MuiListItemText-root"
          >
            <span
              className="MuiTypography-root MuiListItemText-primary MuiTypography-body1 MuiTypography-displayBlock"
            >
              50 BACKSTROKE
            </span>
          </div>
        </div>
        <hr
          className="MuiDivider-root"
        />
        <div
          aria-disabled={false}
          className="MuiButtonBase-root MuiListItem-root MuiListItem-gutters MuiListItem-button"
          onBlur={[Function]}
          onClick={[Function]}
          onDragLeave={[Function]}
          onFocus={[Function]}
          onKeyDown={[Function]}
          onKeyUp={[Function]}
          onMouseDown={[Function]}
          onMouseLeave={[Function]}
          onMouseUp={[Function]}
          onTouchEnd={[Function]}
          onTouchMove={[Function]}
          onTouchStart={[Function]}
          role="button"
          tabIndex={0}
        >
          <div
            className="MuiListItemText-root"
          >
            <span
              className="MuiTypography-root MuiListItemText-primary MuiTypography-body1 MuiTypography-displayBlock"
            >
              100 BACKSTROKE
            </span>
          </div>
        </div>
        <hr
          className="MuiDivider-root"
        />
        <div
          aria-disabled={false}
          className="MuiButtonBase-root MuiListItem-root MuiListItem-gutters MuiListItem-button"
          onBlur={[Function]}
          onClick={[Function]}
          onDragLeave={[Function]}
          onFocus={[Function]}
          onKeyDown={[Function]}
          onKeyUp={[Function]}
          onMouseDown={[Function]}
          onMouseLeave={[Function]}
          onMouseUp={[Function]}
          onTouchEnd={[Function]}
          onTouchMove={[Function]}
          onTouchStart={[Function]}
          role="button"
          tabIndex={0}
        >
          <div
            className="MuiListItemText-root"
          >
            <span
              className="MuiTypography-root MuiListItemText-primary MuiTypography-body1 MuiTypography-displayBlock"
            >
              200 BACKSTROKE
            </span>
          </div>
        </div>
        <hr
          className="MuiDivider-root"
        />
      </nav>
    </div>
    <div
      className="MuiGrid-root MuiGrid-item MuiGrid-grid-xs-4"
    >
      <h1
        className="MuiTypography-root MuiTypography-body1"
      >
        Heats
      </h1>
      <div
        aria-label="large contained button group"
        className="MuiButtonGroup-root"
        role="group"
      >
        <button
          className="MuiButtonBase-root MuiButton-root MuiButton-outlined MuiButtonGroup-grouped MuiButtonGroup-groupedHorizontal MuiButtonGroup-groupedOutlined MuiButtonGroup-groupedOutlinedHorizontal MuiButtonGroup-groupedOutlinedPrimary MuiButton-outlinedPrimary MuiButton-outlinedSizeLarge MuiButton-sizeLarge"
          disabled={false}
          onBlur={[Function]}
          onDragLeave={[Function]}
          onFocus={[Function]}
          onKeyDown={[Function]}
          onKeyUp={[Function]}
          onMouseDown={[Function]}
          onMouseLeave={[Function]}
          onMouseUp={[Function]}
          onTouchEnd={[Function]}
          onTouchMove={[Function]}
          onTouchStart={[Function]}
          tabIndex={0}
          type="button"
        >
          <span
            className="MuiButton-label"
          >
            1
          </span>
        </button>
        <button
          className="MuiButtonBase-root MuiButton-root MuiButton-outlined MuiButtonGroup-grouped MuiButtonGroup-groupedHorizontal MuiButtonGroup-groupedOutlined MuiButtonGroup-groupedOutlinedHorizontal MuiButtonGroup-groupedOutlinedPrimary MuiButton-outlinedPrimary MuiButton-outlinedSizeLarge MuiButton-sizeLarge"
          disabled={false}
          onBlur={[Function]}
          onDragLeave={[Function]}
          onFocus={[Function]}
          onKeyDown={[Function]}
          onKeyUp={[Function]}
          onMouseDown={[Function]}
          onMouseLeave={[Function]}
          onMouseUp={[Function]}
          onTouchEnd={[Function]}
          onTouchMove={[Function]}
          onTouchStart={[Function]}
          tabIndex={0}
          type="button"
        >
          <span
            className="MuiButton-label"
          >
            2
          </span>
        </button>
        <button
          className="MuiButtonBase-root MuiButton-root MuiButton-outlined MuiButtonGroup-grouped MuiButtonGroup-groupedHorizontal MuiButtonGroup-groupedOutlined MuiButtonGroup-groupedOutlinedHorizontal MuiButtonGroup-groupedOutlinedPrimary MuiButton-outlinedPrimary MuiButton-outlinedSizeLarge MuiButton-sizeLarge"
          disabled={false}
          onBlur={[Function]}
          onDragLeave={[Function]}
          onFocus={[Function]}
          onKeyDown={[Function]}
          onKeyUp={[Function]}
          onMouseDown={[Function]}
          onMouseLeave={[Function]}
          onMouseUp={[Function]}
          onTouchEnd={[Function]}
          onTouchMove={[Function]}
          onTouchStart={[Function]}
          tabIndex={0}
          type="button"
        >
          <span
            className="MuiButton-label"
          >
            3
          </span>
        </button>
        <button
          className="MuiButtonBase-root MuiButton-root MuiButton-outlined MuiButtonGroup-grouped MuiButtonGroup-groupedHorizontal MuiButtonGroup-groupedOutlined MuiButtonGroup-groupedOutlinedHorizontal MuiButtonGroup-groupedOutlinedPrimary MuiButton-outlinedPrimary MuiButton-outlinedSizeLarge MuiButton-sizeLarge"
          disabled={false}
          onBlur={[Function]}
          onDragLeave={[Function]}
          onFocus={[Function]}
          onKeyDown={[Function]}
          onKeyUp={[Function]}
          onMouseDown={[Function]}
          onMouseLeave={[Function]}
          onMouseUp={[Function]}
          onTouchEnd={[Function]}
          onTouchMove={[Function]}
          onTouchStart={[Function]}
          tabIndex={0}
          type="button"
        >
          <span
            className="MuiButton-label"
          >
            4
          </span>
        </button>
        <button
          className="MuiButtonBase-root MuiButton-root MuiButton-outlined MuiButtonGroup-grouped MuiButtonGroup-groupedHorizontal MuiButtonGroup-groupedOutlined MuiButtonGroup-groupedOutlinedHorizontal MuiButtonGroup-groupedOutlinedPrimary MuiButton-outlinedPrimary MuiButton-outlinedSizeLarge MuiButton-sizeLarge"
          disabled={false}
          onBlur={[Function]}
          onDragLeave={[Function]}
          onFocus={[Function]}
          onKeyDown={[Function]}
          onKeyUp={[Function]}
          onMouseDown={[Function]}
          onMouseLeave={[Function]}
          onMouseUp={[Function]}
          onTouchEnd={[Function]}
          onTouchMove={[Function]}
          onTouchStart={[Function]}
          tabIndex={0}
          type="button"
        >
          <span
            className="MuiButton-label"
          >
            5
          </span>
        </button>
        <button
          className="MuiButtonBase-root MuiButton-root MuiButton-outlined MuiButtonGroup-grouped MuiButtonGroup-groupedHorizontal MuiButtonGroup-groupedOutlined MuiButtonGroup-groupedOutlinedHorizontal MuiButtonGroup-groupedOutlinedPrimary MuiButton-outlinedPrimary MuiButton-outlinedSizeLarge MuiButton-sizeLarge"
          disabled={false}
          onBlur={[Function]}
          onDragLeave={[Function]}
          onFocus={[Function]}
          onKeyDown={[Function]}
          onKeyUp={[Function]}
          onMouseDown={[Function]}
          onMouseLeave={[Function]}
          onMouseUp={[Function]}
          onTouchEnd={[Function]}
          onTouchMove={[Function]}
          onTouchStart={[Function]}
          tabIndex={0}
          type="button"
        >
          <span
            className="MuiButton-label"
          >
            6
          </span>
        </button>
      </div>
    </div>
    <div
      className="MuiGrid-root MuiGrid-item"
    >
      <div
        className="MuiPaper-root MuiTableContainer-root MuiPaper-elevation1 MuiPaper-rounded"
      >
        <table
          aria-label="simple table"
          className="MuiTable-root"
          role={null}
        >
          <thead
            className="MuiTableHead-root"
            role={null}
          >
            <tr
              className="MuiTableRow-root MuiTableRow-head"
              role={null}
            >
              <th
                aria-sort={null}
                className="MuiTableCell-root MuiTableCell-head"
                scope="col"
              >
                LANE
              </th>
              <th
                aria-sort={null}
                className="MuiTableCell-root MuiTableCell-head MuiTableCell-alignRight"
                scope="col"
              >
                ATHLETE
              </th>
              <th
                aria-sort={null}
                className="MuiTableCell-root MuiTableCell-head MuiTableCell-alignRight"
                scope="col"
              >
                INSCRIPTION TIME
              </th>
              <th
                aria-sort={null}
                className="MuiTableCell-root MuiTableCell-head MuiTableCell-alignRight"
                scope="col"
              >
                FINAL TIME
              </th>
              <th
                aria-sort={null}
                className="MuiTableCell-root MuiTableCell-head MuiTableCell-alignRight"
                scope="col"
              >
                HEAT POSITION
              </th>
              <th
                aria-sort={null}
                className="MuiTableCell-root MuiTableCell-head MuiTableCell-alignRight"
                scope="col"
              >
                FINAL POSITION
              </th>
            </tr>
          </thead>
          <tbody
            className="MuiTableBody-root"
            role={null}
          >
            <tr
              className="MuiTableRow-root"
              role={null}
            >
              <th
                aria-sort={null}
                className="MuiTableCell-root MuiTableCell-body"
                role="cell"
                scope="row"
              >
                1
              </th>
              <td
                aria-sort={null}
                className="MuiTableCell-root MuiTableCell-body MuiTableCell-alignRight"
              >
                first athlete
                 
                first athlete
              </td>
              <td
                aria-sort={null}
                className="MuiTableCell-root MuiTableCell-body MuiTableCell-alignRight"
              >
                00:00:00
              </td>
              <td
                aria-sort={null}
                className="MuiTableCell-root MuiTableCell-body MuiTableCell-alignRight"
              >
                <div
                  className="MuiFormControl-root MuiTextField-root"
                  dateTime={null}
                  onKeyUp={[Function]}
                >
                  <label
                    className="MuiFormLabel-root MuiInputLabel-root MuiInputLabel-formControl MuiInputLabel-animated"
                    data-shrink={false}
                  >
                    Final Time
                  </label>
                  <div
                    className="MuiInputBase-root MuiInput-root MuiInput-underline MuiInputBase-formControl MuiInput-formControl"
                    onClick={[Function]}
                  >
                    <input
                      aria-invalid={false}
                      autoFocus={false}
                      className="MuiInputBase-input MuiInput-input"
                      disabled={false}
                      onAnimationStart={[Function]}
                      onBlur={[Function]}
                      onChange={[Function]}
                      onFocus={[Function]}
                      required={false}
                      type="number"
                    />
                  </div>
                </div>
              </td>
              <td
                aria-sort={null}
                className="MuiTableCell-root MuiTableCell-body MuiTableCell-alignRight"
              >
                1
              </td>
              <td
                aria-sort={null}
                className="MuiTableCell-root MuiTableCell-body MuiTableCell-alignRight"
              >
                1
              </td>
            </tr>
            <tr
              className="MuiTableRow-root"
              role={null}
            >
              <th
                aria-sort={null}
                className="MuiTableCell-root MuiTableCell-body"
                role="cell"
                scope="row"
              >
                2
              </th>
              <td
                aria-sort={null}
                className="MuiTableCell-root MuiTableCell-body MuiTableCell-alignRight"
              >
                second athlete
                 
                second athlete
              </td>
              <td
                aria-sort={null}
                className="MuiTableCell-root MuiTableCell-body MuiTableCell-alignRight"
              >
                00:00:00
              </td>
              <td
                aria-sort={null}
                className="MuiTableCell-root MuiTableCell-body MuiTableCell-alignRight"
              >
                <div
                  className="MuiFormControl-root MuiTextField-root"
                  dateTime={null}
                  onKeyUp={[Function]}
                >
                  <label
                    className="MuiFormLabel-root MuiInputLabel-root MuiInputLabel-formControl MuiInputLabel-animated"
                    data-shrink={false}
                  >
                    Final Time
                  </label>
                  <div
                    className="MuiInputBase-root MuiInput-root MuiInput-underline MuiInputBase-formControl MuiInput-formControl"
                    onClick={[Function]}
                  >
                    <input
                      aria-invalid={false}
                      autoFocus={false}
                      className="MuiInputBase-input MuiInput-input"
                      disabled={false}
                      onAnimationStart={[Function]}
                      onBlur={[Function]}
                      onChange={[Function]}
                      onFocus={[Function]}
                      required={false}
                      type="number"
                    />
                  </div>
                </div>
              </td>
              <td
                aria-sort={null}
                className="MuiTableCell-root MuiTableCell-body MuiTableCell-alignRight"
              >
                1
              </td>
              <td
                aria-sort={null}
                className="MuiTableCell-root MuiTableCell-body MuiTableCell-alignRight"
              >
                1
              </td>
            </tr>
            <tr
              className="MuiTableRow-root"
              role={null}
            >
              <th
                aria-sort={null}
                className="MuiTableCell-root MuiTableCell-body"
                role="cell"
                scope="row"
              >
                3
              </th>
              <td
                aria-sort={null}
                className="MuiTableCell-root MuiTableCell-body MuiTableCell-alignRight"
              >
                third athlete
                 
                third athlete
              </td>
              <td
                aria-sort={null}
                className="MuiTableCell-root MuiTableCell-body MuiTableCell-alignRight"
              >
                00:00:00
              </td>
              <td
                aria-sort={null}
                className="MuiTableCell-root MuiTableCell-body MuiTableCell-alignRight"
              >
                <div
                  className="MuiFormControl-root MuiTextField-root"
                  dateTime={null}
                  onKeyUp={[Function]}
                >
                  <label
                    className="MuiFormLabel-root MuiInputLabel-root MuiInputLabel-formControl MuiInputLabel-animated"
                    data-shrink={false}
                  >
                    Final Time
                  </label>
                  <div
                    className="MuiInputBase-root MuiInput-root MuiInput-underline MuiInputBase-formControl MuiInput-formControl"
                    onClick={[Function]}
                  >
                    <input
                      aria-invalid={false}
                      autoFocus={false}
                      className="MuiInputBase-input MuiInput-input"
                      disabled={false}
                      onAnimationStart={[Function]}
                      onBlur={[Function]}
                      onChange={[Function]}
                      onFocus={[Function]}
                      required={false}
                      type="number"
                    />
                  </div>
                </div>
              </td>
              <td
                aria-sort={null}
                className="MuiTableCell-root MuiTableCell-body MuiTableCell-alignRight"
              >
                1
              </td>
              <td
                aria-sort={null}
                className="MuiTableCell-root MuiTableCell-body MuiTableCell-alignRight"
              >
                1
              </td>
            </tr>
          </tbody>
        </table>
      </div>
    </div>
  </div>
</div>
`;
